// Jest Snapshot v1, https://goo.gl/fbAQLP

exports[`Server deployment API documentation Content /docs route Returns HTML 1`] = `
"<!doctype html>
<html lang="en">
	<head>
		<meta charset="utf-8" />
		<meta name="description" content="Reference documentation and OpenAPI definitions for Docsmith." />
		<meta name="author" content="Frazer Smith" />
		<meta name="viewport" content="width=device-width, initial-scale=1" />

		<link rel="preload" href="/public/docs.css" as="style" onload="this.onload=null;this.rel='stylesheet'" />

		<!-- Icons -->
		<link rel="apple-touch-icon" sizes="120x120" href="/public/images/icons/apple-touch-icon-120x120.png" />
		<link rel="apple-touch-icon" sizes="152x152" href="/public/images/icons/apple-touch-icon-152x152.png" />
		<link rel="apple-touch-icon" sizes="167x167" href="/public/images/icons/apple-touch-icon-167x167.png" />
		<link rel="apple-touch-icon" sizes="180x180" href="/public/images/icons/apple-touch-icon-180x180.png" />
		<link rel="shortcut icon" type="image/x-icon" href="/public/images/icons/favicon.ico" />
		<link rel="mask-icon" color="#005EB8" href="/public/images/icons/mask-icon.svg" />
		<meta name="theme-color" content="#005EB8" />

		<title>Docsmith | Documentation</title>
	</head>
	<body>
		<script>
			// Redoc no longer supports IE, see https://github.com/Redocly/redoc/issues/1936
			if (window.document.documentMode) {
				var p = document.createElement("p");
				p.innerHTML =
					"This browser is no longer supported by this page. <br>Please switch to a more modern browser such as Google Chrome, Microsoft Edge, or Mozilla Firefox.";
				document.body.insertBefore(p, document.body.firstChild);
			}
		</script>
		<redoc spec-url="docs/openapi" disable-search hide-hostname></redoc>
		<script src="docs/redoc/redoc.standalone.js" defer></script>
	</body>
</html>
"
`;

exports[`Server deployment Bearer token and OCR disabled /doc/txt route Returns DOC file converted to TXT, with expected headers set 1`] = `
"I am a header

Lorem ipsum 

Lorem ipsum dolor sit amet, consectetur adipiscing elit. Nunc ac faucibus odio. 

Vestibulum neque massa, scelerisque sit amet ligula eu, congue molestie mi. Praesent ut varius sem. Nullam at porttitor arcu, nec lacinia nisi. Ut ac dolor vitae odio interdum condimentum. Vivamus dapibus sodales ex, vitae malesuada ipsum cursus convallis. Maecenas sed egestas nulla, ac condimentum orci. Mauris diam felis, vulputate ac suscipit et, iaculis non est. Curabitur semper arcu ac ligula semper, nec luctus nisl blandit. Integer lacinia ante ac libero lobortis imperdiet. Nullam mollis convallis ipsum, ac accumsan nunc vehicula vitae. Nulla eget justo in felis tristique fringilla. Morbi sit amet tortor quis risus auctor condimentum. Morbi in ullamcorper elit. Nulla iaculis tellus sit amet mauris tempus fringilla.
Maecenas mauris lectus, lobortis et purus mattis, blandit dictum tellus.
Maecenas non lorem quis tellus placerat varius. 
Nulla facilisi. 
Aenean congue fringilla justo ut aliquam. 
Mauris id ex erat. Nunc vulputate neque vitae justo facilisis, non condimentum ante sagittis. 
Morbi viverra semper lorem nec molestie. 
Maecenas tincidunt est efficitur ligula euismod, sit amet ornare est vulputate.




In non mauris justo. Duis vehicula mi vel mi pretium, a viverra erat efficitur. Cras aliquam est ac eros varius, id iaculis dui auctor. Duis pretium neque ligula, et pulvinar mi placerat et. Nulla nec nunc sit amet nunc posuere vestibulum. Ut id neque eget tortor mattis tristique. Donec ante est, blandit sit amet tristique vel, lacinia pulvinar arcu. Pellentesque scelerisque fermentum erat, id posuere justo pulvinar ut. Cras id eros sed enim aliquam lobortis. Sed lobortis nisl ut eros efficitur tincidunt. Cras justo mi, porttitor quis mattis vel, ultricies ut purus. Ut facilisis et lacus eu cursus.
Cras fringilla ipsum magna, in fringilla dui commodo a.

	Lorem ipsum	Lorem ipsum	Lorem ipsum	
1	In eleifend velit vitae libero sollicitudin euismod.	Lorem		
2	Cras fringilla ipsum magna, in fringilla dui commodo a.	Ipsum		
3	Aliquam erat volutpat. 	Lorem		
4	Fusce vitae vestibulum velit. 	Lorem		
5	Etiam vehicula luctus fermentum.	Ipsum		

Etiam vehicula luctus fermentum. In vel metus congue, pulvinar lectus vel, fermentum dui. Maecenas ante orci, egestas ut aliquet sit amet, sagittis a magna. Aliquam ante quam, pellentesque ut dignissim quis, laoreet eget est. Aliquam erat volutpat. Class aptent taciti sociosqu ad litora torquent per conubia nostra, per inceptos himenaeos. Ut ullamcorper justo sapien, in cursus libero viverra eget. Vivamus auctor imperdiet urna, at pulvinar leo posuere laoreet. Suspendisse neque nisl, fringilla at iaculis scelerisque, ornare vel dolor. Ut et pulvinar nunc. Pellentesque fringilla mollis efficitur. Nullam venenatis commodo imperdiet. Morbi velit neque, semper quis lorem quis, efficitur dignissim ipsum. Ut ac lorem sed turpis imperdiet eleifend sit amet id sapien


I am a footer"
`;

exports[`Server deployment Bearer token and OCR disabled /doc/txt route Returns DOT file converted to TXT, with expected headers set 1`] = `
"I am a header

Lorem ipsum 

Lorem ipsum dolor sit amet, consectetur adipiscing elit. Nunc ac faucibus odio. 

Vestibulum neque massa, scelerisque sit amet ligula eu, congue molestie mi. Praesent ut varius sem. Nullam at porttitor arcu, nec lacinia nisi. Ut ac dolor vitae odio interdum condimentum. Vivamus dapibus sodales ex, vitae malesuada ipsum cursus convallis. Maecenas sed egestas nulla, ac condimentum orci. Mauris diam felis, vulputate ac suscipit et, iaculis non est. Curabitur semper arcu ac ligula semper, nec luctus nisl blandit. Integer lacinia ante ac libero lobortis imperdiet. Nullam mollis convallis ipsum, ac accumsan nunc vehicula vitae. Nulla eget justo in felis tristique fringilla. Morbi sit amet tortor quis risus auctor condimentum. Morbi in ullamcorper elit. Nulla iaculis tellus sit amet mauris tempus fringilla.
Maecenas mauris lectus, lobortis et purus mattis, blandit dictum tellus.
Maecenas non lorem quis tellus placerat varius. 
Nulla facilisi. 
Aenean congue fringilla justo ut aliquam. 
Mauris id ex erat. Nunc vulputate neque vitae justo facilisis, non condimentum ante sagittis. 
Morbi viverra semper lorem nec molestie. 
Maecenas tincidunt est efficitur ligula euismod, sit amet ornare est vulputate.




In non mauris justo. Duis vehicula mi vel mi pretium, a viverra erat efficitur. Cras aliquam est ac eros varius, id iaculis dui auctor. Duis pretium neque ligula, et pulvinar mi placerat et. Nulla nec nunc sit amet nunc posuere vestibulum. Ut id neque eget tortor mattis tristique. Donec ante est, blandit sit amet tristique vel, lacinia pulvinar arcu. Pellentesque scelerisque fermentum erat, id posuere justo pulvinar ut. Cras id eros sed enim aliquam lobortis. Sed lobortis nisl ut eros efficitur tincidunt. Cras justo mi, porttitor quis mattis vel, ultricies ut purus. Ut facilisis et lacus eu cursus.
Cras fringilla ipsum magna, in fringilla dui commodo a.

	Lorem ipsum	Lorem ipsum	Lorem ipsum	
1	In eleifend velit vitae libero sollicitudin euismod.	Lorem		
2	Cras fringilla ipsum magna, in fringilla dui commodo a.	Ipsum		
3	Aliquam erat volutpat. 	Lorem		
4	Fusce vitae vestibulum velit. 	Lorem		
5	Etiam vehicula luctus fermentum.	Ipsum		

Etiam vehicula luctus fermentum. In vel metus congue, pulvinar lectus vel, fermentum dui. Maecenas ante orci, egestas ut aliquet sit amet, sagittis a magna. Aliquam ante quam, pellentesque ut dignissim quis, laoreet eget est. Aliquam erat volutpat. Class aptent taciti sociosqu ad litora torquent per conubia nostra, per inceptos himenaeos. Ut ullamcorper justo sapien, in cursus libero viverra eget. Vivamus auctor imperdiet urna, at pulvinar leo posuere laoreet. Suspendisse neque nisl, fringilla at iaculis scelerisque, ornare vel dolor. Ut et pulvinar nunc. Pellentesque fringilla mollis efficitur. Nullam venenatis commodo imperdiet. Morbi velit neque, semper quis lorem quis, efficitur dignissim ipsum. Ut ac lorem sed turpis imperdiet eleifend sit amet id sapien


I am a footer"
`;

exports[`Server deployment Bearer token and OCR disabled /docx/txt route Returns DOCM file converted to TXT, with expected headers set 1`] = `
"I am a header

Lorem ipsum


Lorem ipsum dolor sit amet, consectetur adipiscing elit. Nunc ac faucibus odio.

Vestibulum neque massa, scelerisque sit amet ligula eu, congue molestie mi. Praesent ut varius sem. Nullam at porttitor arcu, nec lacinia nisi. Ut ac dolor vitae odio interdum condimentum. Vivamus dapibus sodales ex, vitae malesuada ipsum cursus convallis. Maecenas sed egestas nulla, ac condimentum orci. Mauris diam felis, vulputate ac suscipit et, iaculis non est. Curabitur semper arcu ac ligula semper, nec luctus nisl blandit. Integer lacinia ante ac libero lobortis imperdiet. Nullam mollis convallis ipsum, ac accumsan nunc vehicula vitae. Nulla eget justo in felis tristique fringilla. Morbi sit amet tortor quis risus auctor condimentum. Morbi in ullamcorper elit. Nulla iaculis tellus sit amet mauris tempus fringilla.

Maecenas mauris lectus, lobortis et purus mattis, blandit dictum tellus.

 * Maecenas non lorem quis tellus placerat varius.
 * Nulla facilisi.
 * Aenean congue fringilla justo ut aliquam.
 * Mauris id ex erat. Nunc vulputate neque vitae justo facilisis, non condimentum ante sagittis.
 * Morbi viverra semper lorem nec molestie.
 * Maecenas tincidunt est efficitur ligula euismod, sit amet ornare est vulputate.



In non mauris justo. Duis vehicula mi vel mi pretium, a viverra erat efficitur. Cras aliquam est ac eros varius, id iaculis dui auctor. Duis pretium neque ligula, et pulvinar mi placerat et. Nulla nec nunc sit amet nunc posuere vestibulum. Ut id neque eget tortor mattis tristique. Donec ante est, blandit sit amet tristique vel, lacinia pulvinar arcu. Pellentesque scelerisque fermentum erat, id posuere justo pulvinar ut. Cras id eros sed enim aliquam lobortis. Sed lobortis nisl ut eros efficitur tincidunt. Cras justo mi, porttitor quis mattis vel, ultricies ut purus. Ut facilisis et lacus eu cursus.


Cras fringilla ipsum magna, in fringilla dui commodo a.

    Lorem ipsum                                               Lorem ipsum   Lorem ipsum
1   In eleifend velit vitae libero sollicitudin euismod.      Lorem         
2   Cras fringilla ipsum magna, in fringilla dui commodo a.   Ipsum         
3   Aliquam erat volutpat.                                    Lorem         
4   Fusce vitae vestibulum velit.                             Lorem         
5   Etiam vehicula luctus fermentum.                          Ipsum         

Etiam vehicula luctus fermentum. In vel metus congue, pulvinar lectus vel, fermentum dui. Maecenas ante orci, egestas ut aliquet sit amet, sagittis a magna. Aliquam ante quam, pellentesque ut dignissim quis, laoreet eget est. Aliquam erat volutpat. Class aptent taciti sociosqu ad litora torquent per conubia nostra, per inceptos himenaeos. Ut ullamcorper justo sapien, in cursus libero viverra eget. Vivamus auctor imperdiet urna, at pulvinar leo posuere laoreet. Suspendisse neque nisl, fringilla at iaculis scelerisque, ornare vel dolor. Ut et pulvinar nunc. Pellentesque fringilla mollis efficitur. Nullam venenatis commodo imperdiet. Morbi velit neque, semper quis lorem quis, efficitur dignissim ipsum. Ut ac lorem sed turpis imperdiet eleifend sit amet id sapien



I am a footer"
`;

exports[`Server deployment Bearer token and OCR disabled /docx/txt route Returns DOCX file converted to TXT, with expected headers set 1`] = `
"I am a header

Lorem ipsum


Lorem ipsum dolor sit amet, consectetur adipiscing elit. Nunc ac faucibus odio.

Vestibulum neque massa, scelerisque sit amet ligula eu, congue molestie mi. Praesent ut varius sem. Nullam at porttitor arcu, nec lacinia nisi. Ut ac dolor vitae odio interdum condimentum. Vivamus dapibus sodales ex, vitae malesuada ipsum cursus convallis. Maecenas sed egestas nulla, ac condimentum orci. Mauris diam felis, vulputate ac suscipit et, iaculis non est. Curabitur semper arcu ac ligula semper, nec luctus nisl blandit. Integer lacinia ante ac libero lobortis imperdiet. Nullam mollis convallis ipsum, ac accumsan nunc vehicula vitae. Nulla eget justo in felis tristique fringilla. Morbi sit amet tortor quis risus auctor condimentum. Morbi in ullamcorper elit. Nulla iaculis tellus sit amet mauris tempus fringilla.

Maecenas mauris lectus, lobortis et purus mattis, blandit dictum tellus.

 * Maecenas non lorem quis tellus placerat varius.
 * Nulla facilisi.
 * Aenean congue fringilla justo ut aliquam.
 * Mauris id ex erat. Nunc vulputate neque vitae justo facilisis, non condimentum ante sagittis.
 * Morbi viverra semper lorem nec molestie.
 * Maecenas tincidunt est efficitur ligula euismod, sit amet ornare est vulputate.



In non mauris justo. Duis vehicula mi vel mi pretium, a viverra erat efficitur. Cras aliquam est ac eros varius, id iaculis dui auctor. Duis pretium neque ligula, et pulvinar mi placerat et. Nulla nec nunc sit amet nunc posuere vestibulum. Ut id neque eget tortor mattis tristique. Donec ante est, blandit sit amet tristique vel, lacinia pulvinar arcu. Pellentesque scelerisque fermentum erat, id posuere justo pulvinar ut. Cras id eros sed enim aliquam lobortis. Sed lobortis nisl ut eros efficitur tincidunt. Cras justo mi, porttitor quis mattis vel, ultricies ut purus. Ut facilisis et lacus eu cursus.


Cras fringilla ipsum magna, in fringilla dui commodo a.

    Lorem ipsum                                               Lorem ipsum   Lorem ipsum
1   In eleifend velit vitae libero sollicitudin euismod.      Lorem         
2   Cras fringilla ipsum magna, in fringilla dui commodo a.   Ipsum         
3   Aliquam erat volutpat.                                    Lorem         
4   Fusce vitae vestibulum velit.                             Lorem         
5   Etiam vehicula luctus fermentum.                          Ipsum         

Etiam vehicula luctus fermentum. In vel metus congue, pulvinar lectus vel, fermentum dui. Maecenas ante orci, egestas ut aliquet sit amet, sagittis a magna. Aliquam ante quam, pellentesque ut dignissim quis, laoreet eget est. Aliquam erat volutpat. Class aptent taciti sociosqu ad litora torquent per conubia nostra, per inceptos himenaeos. Ut ullamcorper justo sapien, in cursus libero viverra eget. Vivamus auctor imperdiet urna, at pulvinar leo posuere laoreet. Suspendisse neque nisl, fringilla at iaculis scelerisque, ornare vel dolor. Ut et pulvinar nunc. Pellentesque fringilla mollis efficitur. Nullam venenatis commodo imperdiet. Morbi velit neque, semper quis lorem quis, efficitur dignissim ipsum. Ut ac lorem sed turpis imperdiet eleifend sit amet id sapien



I am a footer"
`;

exports[`Server deployment Bearer token and OCR disabled /docx/txt route Returns DOTM file converted to TXT, with expected headers set 1`] = `
"I am a header

Lorem ipsum


Lorem ipsum dolor sit amet, consectetur adipiscing elit. Nunc ac faucibus odio.

Vestibulum neque massa, scelerisque sit amet ligula eu, congue molestie mi. Praesent ut varius sem. Nullam at porttitor arcu, nec lacinia nisi. Ut ac dolor vitae odio interdum condimentum. Vivamus dapibus sodales ex, vitae malesuada ipsum cursus convallis. Maecenas sed egestas nulla, ac condimentum orci. Mauris diam felis, vulputate ac suscipit et, iaculis non est. Curabitur semper arcu ac ligula semper, nec luctus nisl blandit. Integer lacinia ante ac libero lobortis imperdiet. Nullam mollis convallis ipsum, ac accumsan nunc vehicula vitae. Nulla eget justo in felis tristique fringilla. Morbi sit amet tortor quis risus auctor condimentum. Morbi in ullamcorper elit. Nulla iaculis tellus sit amet mauris tempus fringilla.

Maecenas mauris lectus, lobortis et purus mattis, blandit dictum tellus.

 * Maecenas non lorem quis tellus placerat varius.
 * Nulla facilisi.
 * Aenean congue fringilla justo ut aliquam.
 * Mauris id ex erat. Nunc vulputate neque vitae justo facilisis, non condimentum ante sagittis.
 * Morbi viverra semper lorem nec molestie.
 * Maecenas tincidunt est efficitur ligula euismod, sit amet ornare est vulputate.



In non mauris justo. Duis vehicula mi vel mi pretium, a viverra erat efficitur. Cras aliquam est ac eros varius, id iaculis dui auctor. Duis pretium neque ligula, et pulvinar mi placerat et. Nulla nec nunc sit amet nunc posuere vestibulum. Ut id neque eget tortor mattis tristique. Donec ante est, blandit sit amet tristique vel, lacinia pulvinar arcu. Pellentesque scelerisque fermentum erat, id posuere justo pulvinar ut. Cras id eros sed enim aliquam lobortis. Sed lobortis nisl ut eros efficitur tincidunt. Cras justo mi, porttitor quis mattis vel, ultricies ut purus. Ut facilisis et lacus eu cursus.


Cras fringilla ipsum magna, in fringilla dui commodo a.

    Lorem ipsum                                               Lorem ipsum   Lorem ipsum
1   In eleifend velit vitae libero sollicitudin euismod.      Lorem         
2   Cras fringilla ipsum magna, in fringilla dui commodo a.   Ipsum         
3   Aliquam erat volutpat.                                    Lorem         
4   Fusce vitae vestibulum velit.                             Lorem         
5   Etiam vehicula luctus fermentum.                          Ipsum         

Etiam vehicula luctus fermentum. In vel metus congue, pulvinar lectus vel, fermentum dui. Maecenas ante orci, egestas ut aliquet sit amet, sagittis a magna. Aliquam ante quam, pellentesque ut dignissim quis, laoreet eget est. Aliquam erat volutpat. Class aptent taciti sociosqu ad litora torquent per conubia nostra, per inceptos himenaeos. Ut ullamcorper justo sapien, in cursus libero viverra eget. Vivamus auctor imperdiet urna, at pulvinar leo posuere laoreet. Suspendisse neque nisl, fringilla at iaculis scelerisque, ornare vel dolor. Ut et pulvinar nunc. Pellentesque fringilla mollis efficitur. Nullam venenatis commodo imperdiet. Morbi velit neque, semper quis lorem quis, efficitur dignissim ipsum. Ut ac lorem sed turpis imperdiet eleifend sit amet id sapien



I am a footer"
`;

exports[`Server deployment Bearer token and OCR disabled /docx/txt route Returns DOTX file converted to TXT, with expected headers set 1`] = `
"I am a header

Lorem ipsum


Lorem ipsum dolor sit amet, consectetur adipiscing elit. Nunc ac faucibus odio.

Vestibulum neque massa, scelerisque sit amet ligula eu, congue molestie mi. Praesent ut varius sem. Nullam at porttitor arcu, nec lacinia nisi. Ut ac dolor vitae odio interdum condimentum. Vivamus dapibus sodales ex, vitae malesuada ipsum cursus convallis. Maecenas sed egestas nulla, ac condimentum orci. Mauris diam felis, vulputate ac suscipit et, iaculis non est. Curabitur semper arcu ac ligula semper, nec luctus nisl blandit. Integer lacinia ante ac libero lobortis imperdiet. Nullam mollis convallis ipsum, ac accumsan nunc vehicula vitae. Nulla eget justo in felis tristique fringilla. Morbi sit amet tortor quis risus auctor condimentum. Morbi in ullamcorper elit. Nulla iaculis tellus sit amet mauris tempus fringilla.

Maecenas mauris lectus, lobortis et purus mattis, blandit dictum tellus.

 * Maecenas non lorem quis tellus placerat varius.
 * Nulla facilisi.
 * Aenean congue fringilla justo ut aliquam.
 * Mauris id ex erat. Nunc vulputate neque vitae justo facilisis, non condimentum ante sagittis.
 * Morbi viverra semper lorem nec molestie.
 * Maecenas tincidunt est efficitur ligula euismod, sit amet ornare est vulputate.



In non mauris justo. Duis vehicula mi vel mi pretium, a viverra erat efficitur. Cras aliquam est ac eros varius, id iaculis dui auctor. Duis pretium neque ligula, et pulvinar mi placerat et. Nulla nec nunc sit amet nunc posuere vestibulum. Ut id neque eget tortor mattis tristique. Donec ante est, blandit sit amet tristique vel, lacinia pulvinar arcu. Pellentesque scelerisque fermentum erat, id posuere justo pulvinar ut. Cras id eros sed enim aliquam lobortis. Sed lobortis nisl ut eros efficitur tincidunt. Cras justo mi, porttitor quis mattis vel, ultricies ut purus. Ut facilisis et lacus eu cursus.


Cras fringilla ipsum magna, in fringilla dui commodo a.

    Lorem ipsum                                               Lorem ipsum   Lorem ipsum
1   In eleifend velit vitae libero sollicitudin euismod.      Lorem         
2   Cras fringilla ipsum magna, in fringilla dui commodo a.   Ipsum         
3   Aliquam erat volutpat.                                    Lorem         
4   Fusce vitae vestibulum velit.                             Lorem         
5   Etiam vehicula luctus fermentum.                          Ipsum         

Etiam vehicula luctus fermentum. In vel metus congue, pulvinar lectus vel, fermentum dui. Maecenas ante orci, egestas ut aliquet sit amet, sagittis a magna. Aliquam ante quam, pellentesque ut dignissim quis, laoreet eget est. Aliquam erat volutpat. Class aptent taciti sociosqu ad litora torquent per conubia nostra, per inceptos himenaeos. Ut ullamcorper justo sapien, in cursus libero viverra eget. Vivamus auctor imperdiet urna, at pulvinar leo posuere laoreet. Suspendisse neque nisl, fringilla at iaculis scelerisque, ornare vel dolor. Ut et pulvinar nunc. Pellentesque fringilla mollis efficitur. Nullam venenatis commodo imperdiet. Morbi velit neque, semper quis lorem quis, efficitur dignissim ipsum. Ut ac lorem sed turpis imperdiet eleifend sit amet id sapien



I am a footer"
`;
